../Core/Src/main.c:124:5:_write	24	static
../Core/Src/main.c:134:5:main	24	static
../Core/Src/main.c:314:6:SystemClock_Config	120	static
../Core/Src/main.c:375:13:MX_DCMI_Init	8	static
../Core/Src/main.c:412:13:MX_I2C1_Init	8	static
../Core/Src/main.c:460:13:MX_JPEG_Init	8	static
../Core/Src/main.c:486:13:MX_TIM1_Init	96	static
../Core/Src/main.c:560:13:MX_USART2_UART_Init	8	static
../Core/Src/main.c:608:13:MX_USART3_UART_Init	8	static
../Core/Src/main.c:654:13:MX_DMA_Init	16	static
../Core/Src/main.c:678:13:MX_GPIO_Init	56	static
../Core/Src/main.c:754:6:HAL_UARTEx_RxEventCallback	16	static
../Core/Src/main.c:768:6:Error_Handler	4	static,ignoring_inline_asm
